Time resolution is 1 ps
=== Phase Accumulator Testbench ===
Accumulator width: 48, Phase width: 16
PASS: Reset: phase_out is zero
PASS: Reset: phase_msb is zero
Error: FAIL: Increment: phase_out == 1 after first cycle
Time: 30 ns  Iteration: 0  Process: /tb_phase_accumulator/check  Scope: tb_phase_accumulator.check  File: C:/Users/Alex/Documents/GitHub/impedance-analyzer/FPGA/testbenches/tb_phase_accumulator.sv Line: 39
Error: FAIL: Increment: phase_out == 11 after 11 cycles
Time: 80 ns  Iteration: 0  Process: /tb_phase_accumulator/check  Scope: tb_phase_accumulator.check  File: C:/Users/Alex/Documents/GitHub/impedance-analyzer/FPGA/testbenches/tb_phase_accumulator.sv Line: 39
PASS: MSB toggle: toggles every cycle (100 toggles in 100 cycles)
PASS: Resolution: phase_out stays 0 with FCW=1 after 100 cycles
PASS: Rollover: phase_out == 0xFFFF after 1 cycle with FCW=0xFFFF<<32
Error: FAIL: Rollover: phase_out == 0xFFFE after 2 cycles
Time: 1135 ns  Iteration: 0  Process: /tb_phase_accumulator/check  Scope: tb_phase_accumulator.check  File: C:/Users/Alex/Documents/GitHub/impedance-analyzer/FPGA/testbenches/tb_phase_accumulator.sv Line: 39
Error: FAIL: FCW change: phase_out == 5 after 5 cycles with FCW=1<<32
Time: 1175 ns  Iteration: 0  Process: /tb_phase_accumulator/check  Scope: tb_phase_accumulator.check  File: C:/Users/Alex/Documents/GitHub/impedance-analyzer/FPGA/testbenches/tb_phase_accumulator.sv Line: 39
Error: FAIL: FCW change: phase_out == 15 after 5 more cycles with FCW=2<<32
Time: 1200 ns  Iteration: 0  Process: /tb_phase_accumulator/check  Scope: tb_phase_accumulator.check  File: C:/Users/Alex/Documents/GitHub/impedance-analyzer/FPGA/testbenches/tb_phase_accumulator.sv Line: 39
=== Test Complete: 5 errors ===
SOME TESTS FAILED
$finish called at time : 1200 ns : File "C:/Users/Alex/Documents/GitHub/impedance-analyzer/FPGA/testbenches/tb_phase_accumulator.sv" Line 186
