
*** Running vivado
    with args -log dac_driver.vds -m64 -product Vivado -mode batch -messageDb vivado.pb -notrace -source dac_driver.tcl



****** Vivado v2025.2 (64-bit)
  **** SW Build 6299465 on Fri Nov 14 19:35:11 GMT 2025
  **** IP Build 6300035 on Fri Nov 14 10:48:45 MST 2025
  **** SharedData Build 6298862 on Thu Nov 13 04:50:51 MST 2025
  **** Start of session at: Tue Feb 24 12:53:47 2026
    ** Copyright 1986-2022 Xilinx, Inc. All Rights Reserved.
    ** Copyright 2022-2025 Advanced Micro Devices, Inc. All Rights Reserved.

source dac_driver.tcl -notrace
INFO: [IP_Flow 19-234] Refreshing IP repositories
INFO: [IP_Flow 19-1700] Loaded user IP repository 'c:/Users/Alex/Documents/GitHub/impedance-analyzer/Vivado Project/ip_repo/Configuration_Register_1_0'.
INFO: [IP_Flow 19-2313] Loaded Vivado IP repository 'C:/AMDDesignTools/2025.2/Vivado/data/ip'.
WARNING: [IP_Flow 19-4995] The host OS only allows 260 characters in a normal path. The IP cache path is more than 80 characters. If you experience issues with IP caching, please consider changing the IP cache to a location with a shorter path. Alternately consider using the OS subst command to map part of the path to a drive letter. 
Current IP cache path is c:/Users/Alex/Documents/GitHub/impedance-analyzer/Vivado Project/impedance_analyzer/impedance_analyzer.cache/ip 
Command: synth_design -top dac_driver -part xc7z020clg484-2 -incremental_mode off -mode out_of_context
Starting synth_design
Attempting to get a license for feature 'Synthesis' and/or device 'xc7z020'
INFO: [Common 17-349] Got license for feature 'Synthesis' and/or device 'xc7z020'
INFO: [Device 21-403] Loading part xc7z020clg484-2
INFO: [Synth 8-7079] Multithreading enabled for synth_design using a maximum of 2 processes.
INFO: [Synth 8-7078] Launching helper process for spawning children vivado processes
INFO: [Synth 8-7075] Helper process launched with PID 40072
---------------------------------------------------------------------------------
Starting RTL Elaboration : Time (s): cpu = 00:00:02 ; elapsed = 00:00:03 . Memory (MB): peak = 1347.434 ; gain = 539.199
---------------------------------------------------------------------------------
INFO: [Synth 8-11241] undeclared symbol 'clk_in_int', assumed default net type 'wire' [c:/Users/Alex/Documents/GitHub/impedance-analyzer/Vivado Project/impedance_analyzer/impedance_analyzer.gen/sources_1/ip/dac_driver/dac_driver_selectio_wiz.v:87]
INFO: [Synth 8-11241] undeclared symbol 'clk_div', assumed default net type 'wire' [c:/Users/Alex/Documents/GitHub/impedance-analyzer/Vivado Project/impedance_analyzer/impedance_analyzer.gen/sources_1/ip/dac_driver/dac_driver_selectio_wiz.v:94]
INFO: [Synth 8-6157] synthesizing module 'dac_driver' [c:/Users/Alex/Documents/GitHub/impedance-analyzer/Vivado Project/impedance_analyzer/impedance_analyzer.gen/sources_1/ip/dac_driver/dac_driver.v:55]
INFO: [Synth 8-6157] synthesizing module 'dac_driver_selectio_wiz' [c:/Users/Alex/Documents/GitHub/impedance-analyzer/Vivado Project/impedance_analyzer/impedance_analyzer.gen/sources_1/ip/dac_driver/dac_driver_selectio_wiz.v:55]
	Parameter SYS_W bound to: 16 - type: integer 
	Parameter DEV_W bound to: 16 - type: integer 
INFO: [Synth 8-6157] synthesizing module 'OBUFDS' [C:/AMDDesignTools/2025.2/Vivado/scripts/rt/data/unisim_comp.v:113534]
	Parameter IOSTANDARD bound to: DIFF_SSTL18_I - type: string 
INFO: [Synth 8-6155] done synthesizing module 'OBUFDS' (0#1) [C:/AMDDesignTools/2025.2/Vivado/scripts/rt/data/unisim_comp.v:113534]
INFO: [Synth 8-6157] synthesizing module 'FDRE' [C:/AMDDesignTools/2025.2/Vivado/scripts/rt/data/unisim_comp.v:49396]
INFO: [Synth 8-6155] done synthesizing module 'FDRE' (0#1) [C:/AMDDesignTools/2025.2/Vivado/scripts/rt/data/unisim_comp.v:49396]
INFO: [Synth 8-6157] synthesizing module 'IBUFDS' [C:/AMDDesignTools/2025.2/Vivado/scripts/rt/data/unisim_comp.v:82819]
	Parameter IOSTANDARD bound to: DIFF_SSTL18_I - type: string 
INFO: [Synth 8-6155] done synthesizing module 'IBUFDS' (0#1) [C:/AMDDesignTools/2025.2/Vivado/scripts/rt/data/unisim_comp.v:82819]
INFO: [Synth 8-6157] synthesizing module 'BUFR' [C:/AMDDesignTools/2025.2/Vivado/scripts/rt/data/unisim_comp.v:3017]
	Parameter BUFR_DIVIDE bound to: BYPASS - type: string 
	Parameter SIM_DEVICE bound to: 7SERIES - type: string 
INFO: [Synth 8-6155] done synthesizing module 'BUFR' (0#1) [C:/AMDDesignTools/2025.2/Vivado/scripts/rt/data/unisim_comp.v:3017]
INFO: [Synth 8-6157] synthesizing module 'ODDR' [C:/AMDDesignTools/2025.2/Vivado/scripts/rt/data/unisim_comp.v:117225]
	Parameter DDR_CLK_EDGE bound to: SAME_EDGE - type: string 
	Parameter INIT bound to: 1'b0 
	Parameter SRTYPE bound to: ASYNC - type: string 
INFO: [Synth 8-6155] done synthesizing module 'ODDR' (0#1) [C:/AMDDesignTools/2025.2/Vivado/scripts/rt/data/unisim_comp.v:117225]
INFO: [Synth 8-6155] done synthesizing module 'dac_driver_selectio_wiz' (0#1) [c:/Users/Alex/Documents/GitHub/impedance-analyzer/Vivado Project/impedance_analyzer/impedance_analyzer.gen/sources_1/ip/dac_driver/dac_driver_selectio_wiz.v:55]
INFO: [Synth 8-6155] done synthesizing module 'dac_driver' (0#1) [c:/Users/Alex/Documents/GitHub/impedance-analyzer/Vivado Project/impedance_analyzer/impedance_analyzer.gen/sources_1/ip/dac_driver/dac_driver.v:55]
---------------------------------------------------------------------------------
Finished RTL Elaboration : Time (s): cpu = 00:00:03 ; elapsed = 00:00:04 . Memory (MB): peak = 1468.516 ; gain = 660.281
---------------------------------------------------------------------------------
---------------------------------------------------------------------------------
Start Handling Custom Attributes
---------------------------------------------------------------------------------
---------------------------------------------------------------------------------
Finished Handling Custom Attributes : Time (s): cpu = 00:00:04 ; elapsed = 00:00:04 . Memory (MB): peak = 1468.516 ; gain = 660.281
---------------------------------------------------------------------------------
---------------------------------------------------------------------------------
Finished RTL Optimization Phase 1 : Time (s): cpu = 00:00:04 ; elapsed = 00:00:04 . Memory (MB): peak = 1468.516 ; gain = 660.281
---------------------------------------------------------------------------------
Netlist sorting complete. Time (s): cpu = 00:00:00 ; elapsed = 00:00:00 . Memory (MB): peak = 1468.516 ; gain = 0.000
INFO: [Netlist 29-17] Analyzing 20 Unisim elements for replacement
INFO: [Netlist 29-28] Unisim Transformation completed in 0 CPU seconds
INFO: [Project 1-570] Preparing netlist for logic optimization

Processing XDC Constraints
Initializing timing engine
Parsing XDC File [c:/Users/Alex/Documents/GitHub/impedance-analyzer/Vivado Project/impedance_analyzer/impedance_analyzer.gen/sources_1/ip/dac_driver/dac_driver_ooc.xdc] for cell 'inst'
Finished Parsing XDC File [c:/Users/Alex/Documents/GitHub/impedance-analyzer/Vivado Project/impedance_analyzer/impedance_analyzer.gen/sources_1/ip/dac_driver/dac_driver_ooc.xdc] for cell 'inst'
INFO: [Project 1-236] Implementation specific constraints were found while reading constraint file [c:/Users/Alex/Documents/GitHub/impedance-analyzer/Vivado Project/impedance_analyzer/impedance_analyzer.gen/sources_1/ip/dac_driver/dac_driver_ooc.xdc]. These constraints will be ignored for synthesis but will be used in implementation. Impacted constraints are listed in the file [.Xil/dac_driver_propImpl.xdc].
Resolution: To avoid this warning, move constraints listed in [.Xil/dac_driver_propImpl.xdc] to another XDC file and exclude this new file from synthesis with the used_in_synthesis property (File Properties dialog in GUI) and re-run elaboration/synthesis.
Parsing XDC File [c:/Users/Alex/Documents/GitHub/impedance-analyzer/Vivado Project/impedance_analyzer/impedance_analyzer.gen/sources_1/ip/dac_driver/dac_driver.xdc] for cell 'inst'
Finished Parsing XDC File [c:/Users/Alex/Documents/GitHub/impedance-analyzer/Vivado Project/impedance_analyzer/impedance_analyzer.gen/sources_1/ip/dac_driver/dac_driver.xdc] for cell 'inst'
Parsing XDC File [C:/Users/Alex/Documents/GitHub/impedance-analyzer/Vivado Project/impedance_analyzer/impedance_analyzer.runs/dac_driver_synth_1/dont_touch.xdc]
Finished Parsing XDC File [C:/Users/Alex/Documents/GitHub/impedance-analyzer/Vivado Project/impedance_analyzer/impedance_analyzer.runs/dac_driver_synth_1/dont_touch.xdc]
Completed Processing XDC Constraints

Netlist sorting complete. Time (s): cpu = 00:00:00 ; elapsed = 00:00:00 . Memory (MB): peak = 1531.762 ; gain = 0.000
INFO: [Project 1-111] Unisim Transformation Summary:
  A total of 17 instances were transformed.
  OBUFDS => OBUFDS_DUAL_BUF (INV, OBUFDS(x2)): 17 instances

Constraint Validation Runtime : Time (s): cpu = 00:00:00 ; elapsed = 00:00:00.010 . Memory (MB): peak = 1531.762 ; gain = 0.000
INFO: [Designutils 20-5008] Incremental synthesis strategy off
---------------------------------------------------------------------------------
Finished Constraint Validation : Time (s): cpu = 00:00:08 ; elapsed = 00:00:09 . Memory (MB): peak = 1531.762 ; gain = 723.527
---------------------------------------------------------------------------------
---------------------------------------------------------------------------------
Start Loading Part and Timing Information
---------------------------------------------------------------------------------
Loading part: xc7z020clg484-2
---------------------------------------------------------------------------------
Finished Loading Part and Timing Information : Time (s): cpu = 00:00:08 ; elapsed = 00:00:09 . Memory (MB): peak = 1531.762 ; gain = 723.527
---------------------------------------------------------------------------------
---------------------------------------------------------------------------------
Start Applying 'set_property' XDC Constraints
---------------------------------------------------------------------------------
---------------------------------------------------------------------------------
Finished applying 'set_property' XDC Constraints : Time (s): cpu = 00:00:08 ; elapsed = 00:00:09 . Memory (MB): peak = 1531.762 ; gain = 723.527
---------------------------------------------------------------------------------
---------------------------------------------------------------------------------
Finished RTL Optimization Phase 2 : Time (s): cpu = 00:00:08 ; elapsed = 00:00:09 . Memory (MB): peak = 1531.762 ; gain = 723.527
---------------------------------------------------------------------------------
---------------------------------------------------------------------------------
Start RTL Component Statistics 
---------------------------------------------------------------------------------
Detailed RTL Component Info : 
---------------------------------------------------------------------------------
Finished RTL Component Statistics 
---------------------------------------------------------------------------------
---------------------------------------------------------------------------------
Start Part Resource Summary
---------------------------------------------------------------------------------
Part Resources:
DSPs: 220 (col length:60)
BRAMs: 280 (col length: RAMB18 60 RAMB36 30)
---------------------------------------------------------------------------------
Finished Part Resource Summary
---------------------------------------------------------------------------------
---------------------------------------------------------------------------------
Start Cross Boundary and Area Optimization
---------------------------------------------------------------------------------
---------------------------------------------------------------------------------
Finished Cross Boundary and Area Optimization : Time (s): cpu = 00:00:09 ; elapsed = 00:00:10 . Memory (MB): peak = 1531.762 ; gain = 723.527
---------------------------------------------------------------------------------
---------------------------------------------------------------------------------
Start Applying XDC Timing Constraints
---------------------------------------------------------------------------------
---------------------------------------------------------------------------------
Finished Applying XDC Timing Constraints : Time (s): cpu = 00:00:12 ; elapsed = 00:00:13 . Memory (MB): peak = 1644.930 ; gain = 836.695
---------------------------------------------------------------------------------
---------------------------------------------------------------------------------
Start Timing Optimization
---------------------------------------------------------------------------------
---------------------------------------------------------------------------------
Finished Timing Optimization : Time (s): cpu = 00:00:12 ; elapsed = 00:00:13 . Memory (MB): peak = 1644.930 ; gain = 836.695
---------------------------------------------------------------------------------
---------------------------------------------------------------------------------
Start Technology Mapping
---------------------------------------------------------------------------------
---------------------------------------------------------------------------------
Finished Technology Mapping : Time (s): cpu = 00:00:12 ; elapsed = 00:00:13 . Memory (MB): peak = 1654.484 ; gain = 846.250
---------------------------------------------------------------------------------
---------------------------------------------------------------------------------
Start IO Insertion
---------------------------------------------------------------------------------
---------------------------------------------------------------------------------
Start Flattening Before IO Insertion
---------------------------------------------------------------------------------
---------------------------------------------------------------------------------
Finished Flattening Before IO Insertion
---------------------------------------------------------------------------------
---------------------------------------------------------------------------------
Start Final Netlist Cleanup
---------------------------------------------------------------------------------
---------------------------------------------------------------------------------
Finished Final Netlist Cleanup
---------------------------------------------------------------------------------
---------------------------------------------------------------------------------
Finished IO Insertion : Time (s): cpu = 00:00:15 ; elapsed = 00:00:15 . Memory (MB): peak = 1903.883 ; gain = 1095.648
---------------------------------------------------------------------------------
---------------------------------------------------------------------------------
Start Renaming Generated Instances
---------------------------------------------------------------------------------
---------------------------------------------------------------------------------
Finished Renaming Generated Instances : Time (s): cpu = 00:00:15 ; elapsed = 00:00:15 . Memory (MB): peak = 1903.883 ; gain = 1095.648
---------------------------------------------------------------------------------
---------------------------------------------------------------------------------
Start Rebuilding User Hierarchy
---------------------------------------------------------------------------------
---------------------------------------------------------------------------------
Finished Rebuilding User Hierarchy : Time (s): cpu = 00:00:15 ; elapsed = 00:00:15 . Memory (MB): peak = 1903.883 ; gain = 1095.648
---------------------------------------------------------------------------------
---------------------------------------------------------------------------------
Start Renaming Generated Ports
---------------------------------------------------------------------------------
---------------------------------------------------------------------------------
Finished Renaming Generated Ports : Time (s): cpu = 00:00:15 ; elapsed = 00:00:15 . Memory (MB): peak = 1903.883 ; gain = 1095.648
---------------------------------------------------------------------------------
---------------------------------------------------------------------------------
Start Handling Custom Attributes
---------------------------------------------------------------------------------
---------------------------------------------------------------------------------
Finished Handling Custom Attributes : Time (s): cpu = 00:00:15 ; elapsed = 00:00:15 . Memory (MB): peak = 1903.883 ; gain = 1095.648
---------------------------------------------------------------------------------
---------------------------------------------------------------------------------
Start Renaming Generated Nets
---------------------------------------------------------------------------------
---------------------------------------------------------------------------------
Finished Renaming Generated Nets : Time (s): cpu = 00:00:15 ; elapsed = 00:00:15 . Memory (MB): peak = 1903.883 ; gain = 1095.648
---------------------------------------------------------------------------------
---------------------------------------------------------------------------------
Start Writing Synthesis Report
---------------------------------------------------------------------------------

Report BlackBoxes: 
+-+--------------+----------+
| |BlackBox name |Instances |
+-+--------------+----------+
+-+--------------+----------+

Report Cell Usage: 
+------+-------+------+
|      |Cell   |Count |
+------+-------+------+
|1     |BUFR   |     1|
|2     |ODDR   |     1|
|3     |FDRE   |    16|
|4     |IBUFDS |     1|
|5     |OBUFDS |    17|
+------+-------+------+
---------------------------------------------------------------------------------
Finished Writing Synthesis Report : Time (s): cpu = 00:00:15 ; elapsed = 00:00:15 . Memory (MB): peak = 1903.883 ; gain = 1095.648
---------------------------------------------------------------------------------
Synthesis finished with 0 errors, 0 critical warnings and 0 warnings.
Synthesis Optimization Runtime : Time (s): cpu = 00:00:10 ; elapsed = 00:00:14 . Memory (MB): peak = 1903.883 ; gain = 1032.402
Synthesis Optimization Complete : Time (s): cpu = 00:00:15 ; elapsed = 00:00:15 . Memory (MB): peak = 1903.883 ; gain = 1095.648
INFO: [Project 1-571] Translating synthesized netlist
Netlist sorting complete. Time (s): cpu = 00:00:00 ; elapsed = 00:00:00.001 . Memory (MB): peak = 1903.883 ; gain = 0.000
INFO: [Netlist 29-17] Analyzing 20 Unisim elements for replacement
INFO: [Netlist 29-28] Unisim Transformation completed in 0 CPU seconds
INFO: [Project 1-570] Preparing netlist for logic optimization
INFO: [Opt 31-138] Pushed 0 inverter(s) to 0 load pin(s).
Netlist sorting complete. Time (s): cpu = 00:00:00 ; elapsed = 00:00:00 . Memory (MB): peak = 1906.656 ; gain = 0.000
INFO: [Project 1-111] Unisim Transformation Summary:
  A total of 17 instances were transformed.
  OBUFDS => OBUFDS_DUAL_BUF (INV, OBUFDS(x2)): 17 instances

Synth Design complete | Checksum: bbb0067b
INFO: [Common 17-83] Releasing license: Synthesis
37 Infos, 1 Warnings, 0 Critical Warnings and 0 Errors encountered.
synth_design completed successfully
INFO: [Common 17-600] The following parameters have non-default value.
tcl.statsThreshold
Write ShapeDB Complete: Time (s): cpu = 00:00:00 ; elapsed = 00:00:00 . Memory (MB): peak = 1906.656 ; gain = 0.000
INFO: [Common 17-1381] The checkpoint 'C:/Users/Alex/Documents/GitHub/impedance-analyzer/Vivado Project/impedance_analyzer/impedance_analyzer.runs/dac_driver_synth_1/dac_driver.dcp' has been generated.
INFO: [Coretcl 2-1648] Added synthesis output to IP cache for IP dac_driver, cache-ID = 9671cbdd4d8aec04
Write ShapeDB Complete: Time (s): cpu = 00:00:00 ; elapsed = 00:00:00 . Memory (MB): peak = 1906.656 ; gain = 0.000
INFO: [Common 17-1381] The checkpoint 'C:/Users/Alex/Documents/GitHub/impedance-analyzer/Vivado Project/impedance_analyzer/impedance_analyzer.runs/dac_driver_synth_1/dac_driver.dcp' has been generated.
INFO: [Vivado 12-24828] Executing command : report_utilization -file dac_driver_utilization_synth.rpt -pb dac_driver_utilization_synth.pb
INFO: [Common 17-206] Exiting Vivado at Tue Feb 24 12:54:11 2026...
