
*** Running vivado
    with args -log cordic_sincos_dac.vds -m64 -product Vivado -mode batch -messageDb vivado.pb -notrace -source cordic_sincos_dac.tcl



****** Vivado v2025.2 (64-bit)
  **** SW Build 6299465 on Fri Nov 14 19:35:11 GMT 2025
  **** IP Build 6300035 on Fri Nov 14 10:48:45 MST 2025
  **** SharedData Build 6298862 on Thu Nov 13 04:50:51 MST 2025
  **** Start of session at: Tue Feb 24 00:37:22 2026
    ** Copyright 1986-2022 Xilinx, Inc. All Rights Reserved.
    ** Copyright 2022-2025 Advanced Micro Devices, Inc. All Rights Reserved.

source cordic_sincos_dac.tcl -notrace
INFO: [IP_Flow 19-234] Refreshing IP repositories
INFO: [IP_Flow 19-1700] Loaded user IP repository 'c:/Users/Alex/Documents/GitHub/impedance-analyzer/Vivado Project/ip_repo/Configuration_Register_1_0'.
INFO: [IP_Flow 19-2313] Loaded Vivado IP repository 'C:/AMDDesignTools/2025.2/Vivado/data/ip'.
WARNING: [IP_Flow 19-4995] The host OS only allows 260 characters in a normal path. The IP cache path is more than 80 characters. If you experience issues with IP caching, please consider changing the IP cache to a location with a shorter path. Alternately consider using the OS subst command to map part of the path to a drive letter. 
Current IP cache path is c:/Users/Alex/Documents/GitHub/impedance-analyzer/Vivado Project/impedance_analyzer/impedance_analyzer.cache/ip 
Command: synth_design -top cordic_sincos_dac -part xc7z020clg484-2 -incremental_mode off -mode out_of_context
Starting synth_design
Attempting to get a license for feature 'Synthesis' and/or device 'xc7z020'
INFO: [Common 17-349] Got license for feature 'Synthesis' and/or device 'xc7z020'
INFO: [Device 21-403] Loading part xc7z020clg484-2
INFO: [Synth 8-7079] Multithreading enabled for synth_design using a maximum of 2 processes.
INFO: [Synth 8-7078] Launching helper process for spawning children vivado processes
INFO: [Synth 8-7075] Helper process launched with PID 36556
---------------------------------------------------------------------------------
Starting RTL Elaboration : Time (s): cpu = 00:00:03 ; elapsed = 00:00:04 . Memory (MB): peak = 1347.340 ; gain = 539.875
---------------------------------------------------------------------------------
INFO: [Synth 8-638] synthesizing module 'cordic_sincos_dac' [c:/Users/Alex/Documents/GitHub/impedance-analyzer/Vivado Project/impedance_analyzer/impedance_analyzer.gen/sources_1/ip/cordic_sincos_dac/synth/cordic_sincos_dac.vhd:69]
	Parameter C_ARCHITECTURE bound to: 2 - type: integer 
	Parameter C_CORDIC_FUNCTION bound to: 2 - type: integer 
	Parameter C_COARSE_ROTATE bound to: 1 - type: integer 
	Parameter C_DATA_FORMAT bound to: 0 - type: integer 
	Parameter C_XDEVICEFAMILY bound to: zynq - type: string 
	Parameter C_HAS_ACLKEN bound to: 0 - type: integer 
	Parameter C_HAS_ACLK bound to: 1 - type: integer 
	Parameter C_HAS_S_AXIS_CARTESIAN bound to: 0 - type: integer 
	Parameter C_HAS_S_AXIS_PHASE bound to: 1 - type: integer 
	Parameter C_HAS_ARESETN bound to: 0 - type: integer 
	Parameter C_INPUT_WIDTH bound to: 16 - type: integer 
	Parameter C_ITERATIONS bound to: 0 - type: integer 
	Parameter C_OUTPUT_WIDTH bound to: 16 - type: integer 
	Parameter C_PHASE_FORMAT bound to: 0 - type: integer 
	Parameter C_PIPELINE_MODE bound to: -2 - type: integer 
	Parameter C_PRECISION bound to: 0 - type: integer 
	Parameter C_ROUND_MODE bound to: 2 - type: integer 
	Parameter C_SCALE_COMP bound to: 0 - type: integer 
	Parameter C_THROTTLE_SCHEME bound to: 3 - type: integer 
	Parameter C_TLAST_RESOLUTION bound to: 0 - type: integer 
	Parameter C_HAS_S_AXIS_PHASE_TUSER bound to: 0 - type: integer 
	Parameter C_HAS_S_AXIS_PHASE_TLAST bound to: 0 - type: integer 
	Parameter C_S_AXIS_PHASE_TDATA_WIDTH bound to: 16 - type: integer 
	Parameter C_S_AXIS_PHASE_TUSER_WIDTH bound to: 1 - type: integer 
	Parameter C_HAS_S_AXIS_CARTESIAN_TUSER bound to: 0 - type: integer 
	Parameter C_HAS_S_AXIS_CARTESIAN_TLAST bound to: 0 - type: integer 
	Parameter C_S_AXIS_CARTESIAN_TDATA_WIDTH bound to: 32 - type: integer 
	Parameter C_S_AXIS_CARTESIAN_TUSER_WIDTH bound to: 1 - type: integer 
	Parameter C_M_AXIS_DOUT_TDATA_WIDTH bound to: 32 - type: integer 
	Parameter C_M_AXIS_DOUT_TUSER_WIDTH bound to: 1 - type: integer 
INFO: [Synth 8-3491] module 'cordic_v6_0_25' declared at 'c:/Users/Alex/Documents/GitHub/impedance-analyzer/Vivado Project/impedance_analyzer/impedance_analyzer.gen/sources_1/ip/cordic_sincos_dac/hdl/cordic_v6_0_vh_rfs.vhd:10026' bound to instance 'U0' of component 'cordic_v6_0_25' [c:/Users/Alex/Documents/GitHub/impedance-analyzer/Vivado Project/impedance_analyzer/impedance_analyzer.gen/sources_1/ip/cordic_sincos_dac/synth/cordic_sincos_dac.vhd:148]
INFO: [Synth 8-256] done synthesizing module 'cordic_sincos_dac' (0#1) [c:/Users/Alex/Documents/GitHub/impedance-analyzer/Vivado Project/impedance_analyzer/impedance_analyzer.gen/sources_1/ip/cordic_sincos_dac/synth/cordic_sincos_dac.vhd:69]
INFO: [Synth 8-7129] Port AINIT in module c_reg_fd_v12_0_11_viv__parameterized1 is either unconnected or has no load
INFO: [Synth 8-7129] Port ACLR in module c_reg_fd_v12_0_11_viv__parameterized1 is either unconnected or has no load
INFO: [Synth 8-7129] Port ASET in module c_reg_fd_v12_0_11_viv__parameterized1 is either unconnected or has no load
INFO: [Synth 8-7129] Port SINIT in module c_reg_fd_v12_0_11_viv__parameterized1 is either unconnected or has no load
INFO: [Synth 8-7129] Port SCLR in module c_reg_fd_v12_0_11_viv__parameterized1 is either unconnected or has no load
INFO: [Synth 8-7129] Port SSET in module c_reg_fd_v12_0_11_viv__parameterized1 is either unconnected or has no load
INFO: [Synth 8-7129] Port add in module c_addsub_v12_0_21_lut6_legacy__parameterized1 is either unconnected or has no load
INFO: [Synth 8-7129] Port bypass in module c_addsub_v12_0_21_lut6_legacy__parameterized1 is either unconnected or has no load
INFO: [Synth 8-7129] Port sclr in module c_addsub_v12_0_21_lut6_legacy__parameterized1 is either unconnected or has no load
INFO: [Synth 8-7129] Port sset in module c_addsub_v12_0_21_lut6_legacy__parameterized1 is either unconnected or has no load
INFO: [Synth 8-7129] Port sinit in module c_addsub_v12_0_21_lut6_legacy__parameterized1 is either unconnected or has no load
INFO: [Synth 8-7129] Port b_in in module c_addsub_v12_0_21_legacy__parameterized1 is either unconnected or has no load
INFO: [Synth 8-7129] Port a_signed in module c_addsub_v12_0_21_legacy__parameterized1 is either unconnected or has no load
INFO: [Synth 8-7129] Port b_signed in module c_addsub_v12_0_21_legacy__parameterized1 is either unconnected or has no load
INFO: [Synth 8-7129] Port SCLR in module delay_bit is either unconnected or has no load
INFO: [Synth 8-7129] Port WE in module delay__parameterized6 is either unconnected or has no load
INFO: [Synth 8-7129] Port CE in module delay__parameterized6 is either unconnected or has no load
INFO: [Synth 8-7129] Port SCLR in module delay__parameterized6 is either unconnected or has no load
INFO: [Synth 8-7129] Port CLK in module delay__parameterized6 is either unconnected or has no load
INFO: [Synth 8-7129] Port CE in module c_reg_fd_v12_0_11_viv is either unconnected or has no load
INFO: [Synth 8-7129] Port AINIT in module c_reg_fd_v12_0_11_viv is either unconnected or has no load
INFO: [Synth 8-7129] Port ACLR in module c_reg_fd_v12_0_11_viv is either unconnected or has no load
INFO: [Synth 8-7129] Port ASET in module c_reg_fd_v12_0_11_viv is either unconnected or has no load
INFO: [Synth 8-7129] Port SINIT in module c_reg_fd_v12_0_11_viv is either unconnected or has no load
INFO: [Synth 8-7129] Port SCLR in module c_reg_fd_v12_0_11_viv is either unconnected or has no load
INFO: [Synth 8-7129] Port SSET in module c_reg_fd_v12_0_11_viv is either unconnected or has no load
INFO: [Synth 8-7129] Port c_in in module c_addsub_v12_0_21_lut6_legacy is either unconnected or has no load
INFO: [Synth 8-7129] Port ce in module c_addsub_v12_0_21_lut6_legacy is either unconnected or has no load
INFO: [Synth 8-7129] Port bypass in module c_addsub_v12_0_21_lut6_legacy is either unconnected or has no load
INFO: [Synth 8-7129] Port sclr in module c_addsub_v12_0_21_lut6_legacy is either unconnected or has no load
INFO: [Synth 8-7129] Port sset in module c_addsub_v12_0_21_lut6_legacy is either unconnected or has no load
INFO: [Synth 8-7129] Port sinit in module c_addsub_v12_0_21_lut6_legacy is either unconnected or has no load
INFO: [Synth 8-7129] Port c_in in module c_addsub_v12_0_21_legacy is either unconnected or has no load
INFO: [Synth 8-7129] Port b_in in module c_addsub_v12_0_21_legacy is either unconnected or has no load
INFO: [Synth 8-7129] Port a_signed in module c_addsub_v12_0_21_legacy is either unconnected or has no load
INFO: [Synth 8-7129] Port b_signed in module c_addsub_v12_0_21_legacy is either unconnected or has no load
INFO: [Synth 8-7129] Port C_IN in module c_addsub_v12_0_21_viv is either unconnected or has no load
INFO: [Synth 8-7129] Port WE in module delay_bit__parameterized3 is either unconnected or has no load
INFO: [Synth 8-7129] Port CE in module delay_bit__parameterized3 is either unconnected or has no load
INFO: [Synth 8-7129] Port SCLR in module delay_bit__parameterized3 is either unconnected or has no load
INFO: [Synth 8-7129] Port CLK in module delay_bit__parameterized3 is either unconnected or has no load
INFO: [Synth 8-7129] Port aclr in module cordic_out_config is either unconnected or has no load
INFO: [Synth 8-7129] Port aclr in module cordic_ctrl_slice_par is either unconnected or has no load
INFO: [Synth 8-7129] Port nd_in in module cordic_eng is either unconnected or has no load
INFO: [Synth 8-7129] Port X_IN[15] in module cordic_v6_0_25_synth is either unconnected or has no load
INFO: [Synth 8-7129] Port X_IN[14] in module cordic_v6_0_25_synth is either unconnected or has no load
INFO: [Synth 8-7129] Port X_IN[13] in module cordic_v6_0_25_synth is either unconnected or has no load
INFO: [Synth 8-7129] Port X_IN[12] in module cordic_v6_0_25_synth is either unconnected or has no load
INFO: [Synth 8-7129] Port X_IN[11] in module cordic_v6_0_25_synth is either unconnected or has no load
INFO: [Synth 8-7129] Port X_IN[10] in module cordic_v6_0_25_synth is either unconnected or has no load
INFO: [Synth 8-7129] Port X_IN[9] in module cordic_v6_0_25_synth is either unconnected or has no load
INFO: [Synth 8-7129] Port X_IN[8] in module cordic_v6_0_25_synth is either unconnected or has no load
INFO: [Synth 8-7129] Port X_IN[7] in module cordic_v6_0_25_synth is either unconnected or has no load
INFO: [Synth 8-7129] Port X_IN[6] in module cordic_v6_0_25_synth is either unconnected or has no load
INFO: [Synth 8-7129] Port X_IN[5] in module cordic_v6_0_25_synth is either unconnected or has no load
INFO: [Synth 8-7129] Port X_IN[4] in module cordic_v6_0_25_synth is either unconnected or has no load
INFO: [Synth 8-7129] Port X_IN[3] in module cordic_v6_0_25_synth is either unconnected or has no load
INFO: [Synth 8-7129] Port X_IN[2] in module cordic_v6_0_25_synth is either unconnected or has no load
INFO: [Synth 8-7129] Port X_IN[1] in module cordic_v6_0_25_synth is either unconnected or has no load
INFO: [Synth 8-7129] Port X_IN[0] in module cordic_v6_0_25_synth is either unconnected or has no load
INFO: [Synth 8-7129] Port Y_IN[15] in module cordic_v6_0_25_synth is either unconnected or has no load
INFO: [Synth 8-7129] Port Y_IN[14] in module cordic_v6_0_25_synth is either unconnected or has no load
INFO: [Synth 8-7129] Port Y_IN[13] in module cordic_v6_0_25_synth is either unconnected or has no load
INFO: [Synth 8-7129] Port Y_IN[12] in module cordic_v6_0_25_synth is either unconnected or has no load
INFO: [Synth 8-7129] Port Y_IN[11] in module cordic_v6_0_25_synth is either unconnected or has no load
INFO: [Synth 8-7129] Port Y_IN[10] in module cordic_v6_0_25_synth is either unconnected or has no load
INFO: [Synth 8-7129] Port Y_IN[9] in module cordic_v6_0_25_synth is either unconnected or has no load
INFO: [Synth 8-7129] Port Y_IN[8] in module cordic_v6_0_25_synth is either unconnected or has no load
INFO: [Synth 8-7129] Port Y_IN[7] in module cordic_v6_0_25_synth is either unconnected or has no load
INFO: [Synth 8-7129] Port Y_IN[6] in module cordic_v6_0_25_synth is either unconnected or has no load
INFO: [Synth 8-7129] Port Y_IN[5] in module cordic_v6_0_25_synth is either unconnected or has no load
INFO: [Synth 8-7129] Port Y_IN[4] in module cordic_v6_0_25_synth is either unconnected or has no load
INFO: [Synth 8-7129] Port Y_IN[3] in module cordic_v6_0_25_synth is either unconnected or has no load
INFO: [Synth 8-7129] Port Y_IN[2] in module cordic_v6_0_25_synth is either unconnected or has no load
INFO: [Synth 8-7129] Port Y_IN[1] in module cordic_v6_0_25_synth is either unconnected or has no load
INFO: [Synth 8-7129] Port Y_IN[0] in module cordic_v6_0_25_synth is either unconnected or has no load
INFO: [Synth 8-7129] Port ND in module cordic_v6_0_25_synth is either unconnected or has no load
INFO: [Synth 8-7129] Port CE in module cordic_v6_0_25_synth is either unconnected or has no load
INFO: [Synth 8-7129] Port SCLR in module cordic_v6_0_25_synth is either unconnected or has no load
INFO: [Synth 8-7129] Port SCLR in module xbip_pipe_v3_0_11_viv is either unconnected or has no load
INFO: [Synth 8-7129] Port SSET in module xbip_pipe_v3_0_11_viv is either unconnected or has no load
INFO: [Synth 8-7129] Port SINIT in module xbip_pipe_v3_0_11_viv is either unconnected or has no load
INFO: [Synth 8-7129] Port aclken in module cordic_v6_0_25_viv is either unconnected or has no load
INFO: [Synth 8-7129] Port aresetn in module cordic_v6_0_25_viv is either unconnected or has no load
INFO: [Synth 8-7129] Port s_axis_phase_tuser[0] in module cordic_v6_0_25_viv is either unconnected or has no load
INFO: [Synth 8-7129] Port s_axis_phase_tlast in module cordic_v6_0_25_viv is either unconnected or has no load
INFO: [Synth 8-7129] Port s_axis_cartesian_tvalid in module cordic_v6_0_25_viv is either unconnected or has no load
INFO: [Synth 8-7129] Port s_axis_cartesian_tuser[0] in module cordic_v6_0_25_viv is either unconnected or has no load
INFO: [Synth 8-7129] Port s_axis_cartesian_tlast in module cordic_v6_0_25_viv is either unconnected or has no load
INFO: [Synth 8-7129] Port s_axis_cartesian_tdata[31] in module cordic_v6_0_25_viv is either unconnected or has no load
INFO: [Synth 8-7129] Port s_axis_cartesian_tdata[30] in module cordic_v6_0_25_viv is either unconnected or has no load
INFO: [Synth 8-7129] Port s_axis_cartesian_tdata[29] in module cordic_v6_0_25_viv is either unconnected or has no load
INFO: [Synth 8-7129] Port s_axis_cartesian_tdata[28] in module cordic_v6_0_25_viv is either unconnected or has no load
INFO: [Synth 8-7129] Port s_axis_cartesian_tdata[27] in module cordic_v6_0_25_viv is either unconnected or has no load
INFO: [Synth 8-7129] Port s_axis_cartesian_tdata[26] in module cordic_v6_0_25_viv is either unconnected or has no load
INFO: [Synth 8-7129] Port s_axis_cartesian_tdata[25] in module cordic_v6_0_25_viv is either unconnected or has no load
INFO: [Synth 8-7129] Port s_axis_cartesian_tdata[24] in module cordic_v6_0_25_viv is either unconnected or has no load
INFO: [Synth 8-7129] Port s_axis_cartesian_tdata[23] in module cordic_v6_0_25_viv is either unconnected or has no load
INFO: [Synth 8-7129] Port s_axis_cartesian_tdata[22] in module cordic_v6_0_25_viv is either unconnected or has no load
INFO: [Synth 8-7129] Port s_axis_cartesian_tdata[21] in module cordic_v6_0_25_viv is either unconnected or has no load
INFO: [Common 17-14] Message 'Synth 8-7129' appears 100 times and further instances of the messages will be disabled. Use the Tcl command set_msg_config to change the current settings.
---------------------------------------------------------------------------------
Finished RTL Elaboration : Time (s): cpu = 00:00:13 ; elapsed = 00:00:13 . Memory (MB): peak = 1847.871 ; gain = 1040.406
---------------------------------------------------------------------------------
---------------------------------------------------------------------------------
Start Handling Custom Attributes
---------------------------------------------------------------------------------
---------------------------------------------------------------------------------
Finished Handling Custom Attributes : Time (s): cpu = 00:00:13 ; elapsed = 00:00:13 . Memory (MB): peak = 1847.871 ; gain = 1040.406
---------------------------------------------------------------------------------
---------------------------------------------------------------------------------
Finished RTL Optimization Phase 1 : Time (s): cpu = 00:00:13 ; elapsed = 00:00:13 . Memory (MB): peak = 1847.871 ; gain = 1040.406
---------------------------------------------------------------------------------
Netlist sorting complete. Time (s): cpu = 00:00:00 ; elapsed = 00:00:00.091 . Memory (MB): peak = 1847.871 ; gain = 0.000
INFO: [Netlist 29-17] Analyzing 2050 Unisim elements for replacement
INFO: [Netlist 29-28] Unisim Transformation completed in 0 CPU seconds
INFO: [Project 1-570] Preparing netlist for logic optimization

Processing XDC Constraints
Initializing timing engine
Parsing XDC File [c:/Users/Alex/Documents/GitHub/impedance-analyzer/Vivado Project/impedance_analyzer/impedance_analyzer.gen/sources_1/ip/cordic_sincos_dac/cordic_sincos_dac_ooc.xdc] for cell 'U0'
Finished Parsing XDC File [c:/Users/Alex/Documents/GitHub/impedance-analyzer/Vivado Project/impedance_analyzer/impedance_analyzer.gen/sources_1/ip/cordic_sincos_dac/cordic_sincos_dac_ooc.xdc] for cell 'U0'
Parsing XDC File [C:/Users/Alex/Documents/GitHub/impedance-analyzer/Vivado Project/impedance_analyzer/impedance_analyzer.runs/cordic_sincos_dac_synth_1/dont_touch.xdc]
Finished Parsing XDC File [C:/Users/Alex/Documents/GitHub/impedance-analyzer/Vivado Project/impedance_analyzer/impedance_analyzer.runs/cordic_sincos_dac_synth_1/dont_touch.xdc]
Completed Processing XDC Constraints

Netlist sorting complete. Time (s): cpu = 00:00:00 ; elapsed = 00:00:00.002 . Memory (MB): peak = 1847.871 ; gain = 0.000
INFO: [Project 1-111] Unisim Transformation Summary:
No Unisim elements were transformed.

Constraint Validation Runtime : Time (s): cpu = 00:00:00 ; elapsed = 00:00:00.066 . Memory (MB): peak = 1847.871 ; gain = 0.000
INFO: [Designutils 20-5008] Incremental synthesis strategy off
---------------------------------------------------------------------------------
Finished Constraint Validation : Time (s): cpu = 00:00:18 ; elapsed = 00:00:19 . Memory (MB): peak = 1847.871 ; gain = 1040.406
---------------------------------------------------------------------------------
---------------------------------------------------------------------------------
Start Loading Part and Timing Information
---------------------------------------------------------------------------------
Loading part: xc7z020clg484-2
---------------------------------------------------------------------------------
Finished Loading Part and Timing Information : Time (s): cpu = 00:00:18 ; elapsed = 00:00:19 . Memory (MB): peak = 1847.871 ; gain = 1040.406
---------------------------------------------------------------------------------
---------------------------------------------------------------------------------
Start Applying 'set_property' XDC Constraints
---------------------------------------------------------------------------------
---------------------------------------------------------------------------------
Finished applying 'set_property' XDC Constraints : Time (s): cpu = 00:00:18 ; elapsed = 00:00:19 . Memory (MB): peak = 1847.871 ; gain = 1040.406
---------------------------------------------------------------------------------
---------------------------------------------------------------------------------
Finished RTL Optimization Phase 2 : Time (s): cpu = 00:00:18 ; elapsed = 00:00:19 . Memory (MB): peak = 1847.871 ; gain = 1040.406
---------------------------------------------------------------------------------
---------------------------------------------------------------------------------
Start RTL Component Statistics 
---------------------------------------------------------------------------------
---------------------------------------------------------------------------------
Finished RTL Component Statistics 
---------------------------------------------------------------------------------
---------------------------------------------------------------------------------
Start Part Resource Summary
---------------------------------------------------------------------------------
Part Resources:
DSPs: 220 (col length:60)
BRAMs: 280 (col length: RAMB18 60 RAMB36 30)
---------------------------------------------------------------------------------
Finished Part Resource Summary
---------------------------------------------------------------------------------
---------------------------------------------------------------------------------
Start Cross Boundary and Area Optimization
---------------------------------------------------------------------------------
---------------------------------------------------------------------------------
Finished Cross Boundary and Area Optimization : Time (s): cpu = 00:00:20 ; elapsed = 00:00:21 . Memory (MB): peak = 1847.871 ; gain = 1040.406
---------------------------------------------------------------------------------
---------------------------------------------------------------------------------
Start Applying XDC Timing Constraints
---------------------------------------------------------------------------------
---------------------------------------------------------------------------------
Finished Applying XDC Timing Constraints : Time (s): cpu = 00:00:23 ; elapsed = 00:00:24 . Memory (MB): peak = 1847.871 ; gain = 1040.406
---------------------------------------------------------------------------------
---------------------------------------------------------------------------------
Start Timing Optimization
---------------------------------------------------------------------------------
---------------------------------------------------------------------------------
Finished Timing Optimization : Time (s): cpu = 00:00:23 ; elapsed = 00:00:24 . Memory (MB): peak = 1847.871 ; gain = 1040.406
---------------------------------------------------------------------------------
---------------------------------------------------------------------------------
Start Technology Mapping
---------------------------------------------------------------------------------
---------------------------------------------------------------------------------
Finished Technology Mapping : Time (s): cpu = 00:00:23 ; elapsed = 00:00:24 . Memory (MB): peak = 1847.871 ; gain = 1040.406
---------------------------------------------------------------------------------
---------------------------------------------------------------------------------
Start IO Insertion
---------------------------------------------------------------------------------
---------------------------------------------------------------------------------
Start Flattening Before IO Insertion
---------------------------------------------------------------------------------
---------------------------------------------------------------------------------
Finished Flattening Before IO Insertion
---------------------------------------------------------------------------------
---------------------------------------------------------------------------------
Start Final Netlist Cleanup
---------------------------------------------------------------------------------
---------------------------------------------------------------------------------
Finished Final Netlist Cleanup
---------------------------------------------------------------------------------
---------------------------------------------------------------------------------
Finished IO Insertion : Time (s): cpu = 00:00:26 ; elapsed = 00:00:27 . Memory (MB): peak = 1959.766 ; gain = 1152.301
---------------------------------------------------------------------------------
---------------------------------------------------------------------------------
Start Renaming Generated Instances
---------------------------------------------------------------------------------
---------------------------------------------------------------------------------
Finished Renaming Generated Instances : Time (s): cpu = 00:00:26 ; elapsed = 00:00:27 . Memory (MB): peak = 1959.766 ; gain = 1152.301
---------------------------------------------------------------------------------
---------------------------------------------------------------------------------
Start Rebuilding User Hierarchy
---------------------------------------------------------------------------------
---------------------------------------------------------------------------------
Finished Rebuilding User Hierarchy : Time (s): cpu = 00:00:26 ; elapsed = 00:00:27 . Memory (MB): peak = 1959.766 ; gain = 1152.301
---------------------------------------------------------------------------------
---------------------------------------------------------------------------------
Start Renaming Generated Ports
---------------------------------------------------------------------------------
---------------------------------------------------------------------------------
Finished Renaming Generated Ports : Time (s): cpu = 00:00:26 ; elapsed = 00:00:27 . Memory (MB): peak = 1959.766 ; gain = 1152.301
---------------------------------------------------------------------------------
---------------------------------------------------------------------------------
Start Handling Custom Attributes
---------------------------------------------------------------------------------
---------------------------------------------------------------------------------
Finished Handling Custom Attributes : Time (s): cpu = 00:00:26 ; elapsed = 00:00:27 . Memory (MB): peak = 1959.766 ; gain = 1152.301
---------------------------------------------------------------------------------
---------------------------------------------------------------------------------
Start Renaming Generated Nets
---------------------------------------------------------------------------------
---------------------------------------------------------------------------------
Finished Renaming Generated Nets : Time (s): cpu = 00:00:26 ; elapsed = 00:00:27 . Memory (MB): peak = 1959.766 ; gain = 1152.301
---------------------------------------------------------------------------------
---------------------------------------------------------------------------------
Start Writing Synthesis Report
---------------------------------------------------------------------------------

Report BlackBoxes: 
+-+--------------+----------+
| |BlackBox name |Instances |
+-+--------------+----------+
+-+--------------+----------+

Report Cell Usage: 
+------+--------+------+
|      |Cell    |Count |
+------+--------+------+
|1     |LUT1    |   102|
|2     |LUT2    |   372|
|3     |LUT3    |   562|
|4     |LUT4    |     4|
|5     |LUT5    |     1|
|6     |LUT6    |    15|
|7     |MUXCY   |   931|
|8     |SRL16E  |     5|
|9     |SRLC32E |     1|
|10    |XORCY   |   915|
|11    |FDRE    |  1015|
+------+--------+------+
---------------------------------------------------------------------------------
Finished Writing Synthesis Report : Time (s): cpu = 00:00:26 ; elapsed = 00:00:27 . Memory (MB): peak = 1959.766 ; gain = 1152.301
---------------------------------------------------------------------------------
Synthesis finished with 0 errors, 0 critical warnings and 0 warnings.
Synthesis Optimization Runtime : Time (s): cpu = 00:00:11 ; elapsed = 00:00:25 . Memory (MB): peak = 1959.766 ; gain = 1152.301
Synthesis Optimization Complete : Time (s): cpu = 00:00:26 ; elapsed = 00:00:27 . Memory (MB): peak = 1959.766 ; gain = 1152.301
INFO: [Project 1-571] Translating synthesized netlist
Netlist sorting complete. Time (s): cpu = 00:00:01 ; elapsed = 00:00:00.051 . Memory (MB): peak = 1959.766 ; gain = 0.000
INFO: [Netlist 29-17] Analyzing 1846 Unisim elements for replacement
INFO: [Netlist 29-28] Unisim Transformation completed in 0 CPU seconds
INFO: [Project 1-570] Preparing netlist for logic optimization
INFO: [Opt 31-138] Pushed 0 inverter(s) to 0 load pin(s).
Netlist sorting complete. Time (s): cpu = 00:00:00 ; elapsed = 00:00:00.001 . Memory (MB): peak = 1977.512 ; gain = 0.000
INFO: [Project 1-111] Unisim Transformation Summary:
  A total of 245 instances were transformed.
  (MUXCY,XORCY) => CARRY4: 245 instances

Synth Design complete | Checksum: 58c760e
INFO: [Common 17-83] Releasing license: Synthesis
124 Infos, 1 Warnings, 0 Critical Warnings and 0 Errors encountered.
synth_design completed successfully
INFO: [Common 17-600] The following parameters have non-default value.
tcl.statsThreshold
Write ShapeDB Complete: Time (s): cpu = 00:00:00 ; elapsed = 00:00:00.005 . Memory (MB): peak = 1977.512 ; gain = 0.000
INFO: [Common 17-1381] The checkpoint 'C:/Users/Alex/Documents/GitHub/impedance-analyzer/Vivado Project/impedance_analyzer/impedance_analyzer.runs/cordic_sincos_dac_synth_1/cordic_sincos_dac.dcp' has been generated.
INFO: [Coretcl 2-1648] Added synthesis output to IP cache for IP cordic_sincos_dac, cache-ID = d04bb5229eac2d12
INFO: [Coretcl 2-1174] Renamed 355 cell refs.
Write ShapeDB Complete: Time (s): cpu = 00:00:00 ; elapsed = 00:00:00.004 . Memory (MB): peak = 1977.512 ; gain = 0.000
INFO: [Common 17-1381] The checkpoint 'C:/Users/Alex/Documents/GitHub/impedance-analyzer/Vivado Project/impedance_analyzer/impedance_analyzer.runs/cordic_sincos_dac_synth_1/cordic_sincos_dac.dcp' has been generated.
INFO: [Vivado 12-24828] Executing command : report_utilization -file cordic_sincos_dac_utilization_synth.rpt -pb cordic_sincos_dac_utilization_synth.pb
INFO: [Common 17-206] Exiting Vivado at Tue Feb 24 00:38:00 2026...
