
*** Running vivado
    with args -log DDS_Generator.vds -m64 -product Vivado -mode batch -messageDb vivado.pb -notrace -source DDS_Generator.tcl



****** Vivado v2025.2 (64-bit)
  **** SW Build 6299465 on Fri Nov 14 19:35:11 GMT 2025
  **** IP Build 6300035 on Fri Nov 14 10:48:45 MST 2025
  **** SharedData Build 6298862 on Thu Nov 13 04:50:51 MST 2025
  **** Start of session at: Mon Feb 16 00:37:37 2026
    ** Copyright 1986-2022 Xilinx, Inc. All Rights Reserved.
    ** Copyright 2022-2025 Advanced Micro Devices, Inc. All Rights Reserved.

source DDS_Generator.tcl -notrace
Command: synth_design -top DDS_Generator -part xc7z020clg484-2 -incremental_mode off -mode out_of_context
Starting synth_design
Attempting to get a license for feature 'Synthesis' and/or device 'xc7z020'
INFO: [Common 17-349] Got license for feature 'Synthesis' and/or device 'xc7z020'
INFO: [Device 21-403] Loading part xc7z020clg484-2
INFO: [Synth 8-7079] Multithreading enabled for synth_design using a maximum of 2 processes.
INFO: [Synth 8-7078] Launching helper process for spawning children vivado processes
INFO: [Synth 8-7075] Helper process launched with PID 22572
---------------------------------------------------------------------------------
Starting RTL Elaboration : Time (s): cpu = 00:00:04 ; elapsed = 00:00:04 . Memory (MB): peak = 1346.309 ; gain = 538.664
---------------------------------------------------------------------------------
INFO: [Synth 8-638] synthesizing module 'DDS_Generator' [c:/Users/Alex/Documents/GitHub/impedance-analyzer/Vivado Project/impedance_analyzer/impedance_analyzer.gen/sources_1/ip/DDS_Generator/synth/DDS_Generator.vhd:69]
	Parameter C_ARCHITECTURE bound to: 2 - type: integer 
	Parameter C_CORDIC_FUNCTION bound to: 2 - type: integer 
	Parameter C_COARSE_ROTATE bound to: 1 - type: integer 
	Parameter C_DATA_FORMAT bound to: 0 - type: integer 
	Parameter C_XDEVICEFAMILY bound to: zynq - type: string 
	Parameter C_HAS_ACLKEN bound to: 0 - type: integer 
	Parameter C_HAS_ACLK bound to: 1 - type: integer 
	Parameter C_HAS_S_AXIS_CARTESIAN bound to: 0 - type: integer 
	Parameter C_HAS_S_AXIS_PHASE bound to: 1 - type: integer 
	Parameter C_HAS_ARESETN bound to: 0 - type: integer 
	Parameter C_INPUT_WIDTH bound to: 48 - type: integer 
	Parameter C_ITERATIONS bound to: 0 - type: integer 
	Parameter C_OUTPUT_WIDTH bound to: 16 - type: integer 
	Parameter C_PHASE_FORMAT bound to: 0 - type: integer 
	Parameter C_PIPELINE_MODE bound to: -2 - type: integer 
	Parameter C_PRECISION bound to: 0 - type: integer 
	Parameter C_ROUND_MODE bound to: 2 - type: integer 
	Parameter C_SCALE_COMP bound to: 0 - type: integer 
	Parameter C_THROTTLE_SCHEME bound to: 3 - type: integer 
	Parameter C_TLAST_RESOLUTION bound to: 0 - type: integer 
	Parameter C_HAS_S_AXIS_PHASE_TUSER bound to: 0 - type: integer 
	Parameter C_HAS_S_AXIS_PHASE_TLAST bound to: 0 - type: integer 
	Parameter C_S_AXIS_PHASE_TDATA_WIDTH bound to: 48 - type: integer 
	Parameter C_S_AXIS_PHASE_TUSER_WIDTH bound to: 1 - type: integer 
	Parameter C_HAS_S_AXIS_CARTESIAN_TUSER bound to: 0 - type: integer 
	Parameter C_HAS_S_AXIS_CARTESIAN_TLAST bound to: 0 - type: integer 
	Parameter C_S_AXIS_CARTESIAN_TDATA_WIDTH bound to: 96 - type: integer 
	Parameter C_S_AXIS_CARTESIAN_TUSER_WIDTH bound to: 1 - type: integer 
	Parameter C_M_AXIS_DOUT_TDATA_WIDTH bound to: 32 - type: integer 
	Parameter C_M_AXIS_DOUT_TUSER_WIDTH bound to: 1 - type: integer 
INFO: [Synth 8-3491] module 'cordic_v6_0_25' declared at 'c:/Users/Alex/Documents/GitHub/impedance-analyzer/Vivado Project/impedance_analyzer/impedance_analyzer.gen/sources_1/ip/DDS_Generator/hdl/cordic_v6_0_vh_rfs.vhd:10026' bound to instance 'U0' of component 'cordic_v6_0_25' [c:/Users/Alex/Documents/GitHub/impedance-analyzer/Vivado Project/impedance_analyzer/impedance_analyzer.gen/sources_1/ip/DDS_Generator/synth/DDS_Generator.vhd:148]
INFO: [Synth 8-256] done synthesizing module 'DDS_Generator' (0#1) [c:/Users/Alex/Documents/GitHub/impedance-analyzer/Vivado Project/impedance_analyzer/impedance_analyzer.gen/sources_1/ip/DDS_Generator/synth/DDS_Generator.vhd:69]
INFO: [Synth 8-7129] Port AINIT in module c_reg_fd_v12_0_11_viv__parameterized1 is either unconnected or has no load
INFO: [Synth 8-7129] Port ACLR in module c_reg_fd_v12_0_11_viv__parameterized1 is either unconnected or has no load
INFO: [Synth 8-7129] Port ASET in module c_reg_fd_v12_0_11_viv__parameterized1 is either unconnected or has no load
INFO: [Synth 8-7129] Port SINIT in module c_reg_fd_v12_0_11_viv__parameterized1 is either unconnected or has no load
INFO: [Synth 8-7129] Port SCLR in module c_reg_fd_v12_0_11_viv__parameterized1 is either unconnected or has no load
INFO: [Synth 8-7129] Port SSET in module c_reg_fd_v12_0_11_viv__parameterized1 is either unconnected or has no load
INFO: [Synth 8-7129] Port add in module c_addsub_v12_0_21_lut6_legacy__parameterized1 is either unconnected or has no load
INFO: [Synth 8-7129] Port bypass in module c_addsub_v12_0_21_lut6_legacy__parameterized1 is either unconnected or has no load
INFO: [Synth 8-7129] Port sclr in module c_addsub_v12_0_21_lut6_legacy__parameterized1 is either unconnected or has no load
INFO: [Synth 8-7129] Port sset in module c_addsub_v12_0_21_lut6_legacy__parameterized1 is either unconnected or has no load
INFO: [Synth 8-7129] Port sinit in module c_addsub_v12_0_21_lut6_legacy__parameterized1 is either unconnected or has no load
INFO: [Synth 8-7129] Port b_in in module c_addsub_v12_0_21_legacy__parameterized1 is either unconnected or has no load
INFO: [Synth 8-7129] Port a_signed in module c_addsub_v12_0_21_legacy__parameterized1 is either unconnected or has no load
INFO: [Synth 8-7129] Port b_signed in module c_addsub_v12_0_21_legacy__parameterized1 is either unconnected or has no load
INFO: [Synth 8-7129] Port SCLR in module delay_bit is either unconnected or has no load
INFO: [Synth 8-7129] Port WE in module delay__parameterized6 is either unconnected or has no load
INFO: [Synth 8-7129] Port CE in module delay__parameterized6 is either unconnected or has no load
INFO: [Synth 8-7129] Port SCLR in module delay__parameterized6 is either unconnected or has no load
INFO: [Synth 8-7129] Port CLK in module delay__parameterized6 is either unconnected or has no load
INFO: [Synth 8-7129] Port CE in module c_reg_fd_v12_0_11_viv is either unconnected or has no load
INFO: [Synth 8-7129] Port AINIT in module c_reg_fd_v12_0_11_viv is either unconnected or has no load
INFO: [Synth 8-7129] Port ACLR in module c_reg_fd_v12_0_11_viv is either unconnected or has no load
INFO: [Synth 8-7129] Port ASET in module c_reg_fd_v12_0_11_viv is either unconnected or has no load
INFO: [Synth 8-7129] Port SINIT in module c_reg_fd_v12_0_11_viv is either unconnected or has no load
INFO: [Synth 8-7129] Port SCLR in module c_reg_fd_v12_0_11_viv is either unconnected or has no load
INFO: [Synth 8-7129] Port SSET in module c_reg_fd_v12_0_11_viv is either unconnected or has no load
INFO: [Synth 8-7129] Port c_in in module c_addsub_v12_0_21_lut6_legacy is either unconnected or has no load
INFO: [Synth 8-7129] Port ce in module c_addsub_v12_0_21_lut6_legacy is either unconnected or has no load
INFO: [Synth 8-7129] Port bypass in module c_addsub_v12_0_21_lut6_legacy is either unconnected or has no load
INFO: [Synth 8-7129] Port sclr in module c_addsub_v12_0_21_lut6_legacy is either unconnected or has no load
INFO: [Synth 8-7129] Port sset in module c_addsub_v12_0_21_lut6_legacy is either unconnected or has no load
INFO: [Synth 8-7129] Port sinit in module c_addsub_v12_0_21_lut6_legacy is either unconnected or has no load
INFO: [Synth 8-7129] Port c_in in module c_addsub_v12_0_21_legacy is either unconnected or has no load
INFO: [Synth 8-7129] Port b_in in module c_addsub_v12_0_21_legacy is either unconnected or has no load
INFO: [Synth 8-7129] Port a_signed in module c_addsub_v12_0_21_legacy is either unconnected or has no load
INFO: [Synth 8-7129] Port b_signed in module c_addsub_v12_0_21_legacy is either unconnected or has no load
INFO: [Synth 8-7129] Port C_IN in module c_addsub_v12_0_21_viv is either unconnected or has no load
INFO: [Synth 8-7129] Port WE in module delay_bit__parameterized3 is either unconnected or has no load
INFO: [Synth 8-7129] Port CE in module delay_bit__parameterized3 is either unconnected or has no load
INFO: [Synth 8-7129] Port SCLR in module delay_bit__parameterized3 is either unconnected or has no load
INFO: [Synth 8-7129] Port CLK in module delay_bit__parameterized3 is either unconnected or has no load
INFO: [Synth 8-7129] Port aclr in module cordic_out_config is either unconnected or has no load
INFO: [Synth 8-7129] Port aclr in module cordic_ctrl_slice_par is either unconnected or has no load
INFO: [Synth 8-7129] Port nd_in in module cordic_eng is either unconnected or has no load
INFO: [Synth 8-7129] Port X_IN[47] in module cordic_v6_0_25_synth is either unconnected or has no load
INFO: [Synth 8-7129] Port X_IN[46] in module cordic_v6_0_25_synth is either unconnected or has no load
INFO: [Synth 8-7129] Port X_IN[45] in module cordic_v6_0_25_synth is either unconnected or has no load
INFO: [Synth 8-7129] Port X_IN[44] in module cordic_v6_0_25_synth is either unconnected or has no load
INFO: [Synth 8-7129] Port X_IN[43] in module cordic_v6_0_25_synth is either unconnected or has no load
INFO: [Synth 8-7129] Port X_IN[42] in module cordic_v6_0_25_synth is either unconnected or has no load
INFO: [Synth 8-7129] Port X_IN[41] in module cordic_v6_0_25_synth is either unconnected or has no load
INFO: [Synth 8-7129] Port X_IN[40] in module cordic_v6_0_25_synth is either unconnected or has no load
INFO: [Synth 8-7129] Port X_IN[39] in module cordic_v6_0_25_synth is either unconnected or has no load
INFO: [Synth 8-7129] Port X_IN[38] in module cordic_v6_0_25_synth is either unconnected or has no load
INFO: [Synth 8-7129] Port X_IN[37] in module cordic_v6_0_25_synth is either unconnected or has no load
INFO: [Synth 8-7129] Port X_IN[36] in module cordic_v6_0_25_synth is either unconnected or has no load
INFO: [Synth 8-7129] Port X_IN[35] in module cordic_v6_0_25_synth is either unconnected or has no load
INFO: [Synth 8-7129] Port X_IN[34] in module cordic_v6_0_25_synth is either unconnected or has no load
INFO: [Synth 8-7129] Port X_IN[33] in module cordic_v6_0_25_synth is either unconnected or has no load
INFO: [Synth 8-7129] Port X_IN[32] in module cordic_v6_0_25_synth is either unconnected or has no load
INFO: [Synth 8-7129] Port X_IN[31] in module cordic_v6_0_25_synth is either unconnected or has no load
INFO: [Synth 8-7129] Port X_IN[30] in module cordic_v6_0_25_synth is either unconnected or has no load
INFO: [Synth 8-7129] Port X_IN[29] in module cordic_v6_0_25_synth is either unconnected or has no load
INFO: [Synth 8-7129] Port X_IN[28] in module cordic_v6_0_25_synth is either unconnected or has no load
INFO: [Synth 8-7129] Port X_IN[27] in module cordic_v6_0_25_synth is either unconnected or has no load
INFO: [Synth 8-7129] Port X_IN[26] in module cordic_v6_0_25_synth is either unconnected or has no load
INFO: [Synth 8-7129] Port X_IN[25] in module cordic_v6_0_25_synth is either unconnected or has no load
INFO: [Synth 8-7129] Port X_IN[24] in module cordic_v6_0_25_synth is either unconnected or has no load
INFO: [Synth 8-7129] Port X_IN[23] in module cordic_v6_0_25_synth is either unconnected or has no load
INFO: [Synth 8-7129] Port X_IN[22] in module cordic_v6_0_25_synth is either unconnected or has no load
INFO: [Synth 8-7129] Port X_IN[21] in module cordic_v6_0_25_synth is either unconnected or has no load
INFO: [Synth 8-7129] Port X_IN[20] in module cordic_v6_0_25_synth is either unconnected or has no load
INFO: [Synth 8-7129] Port X_IN[19] in module cordic_v6_0_25_synth is either unconnected or has no load
INFO: [Synth 8-7129] Port X_IN[18] in module cordic_v6_0_25_synth is either unconnected or has no load
INFO: [Synth 8-7129] Port X_IN[17] in module cordic_v6_0_25_synth is either unconnected or has no load
INFO: [Synth 8-7129] Port X_IN[16] in module cordic_v6_0_25_synth is either unconnected or has no load
INFO: [Synth 8-7129] Port X_IN[15] in module cordic_v6_0_25_synth is either unconnected or has no load
INFO: [Synth 8-7129] Port X_IN[14] in module cordic_v6_0_25_synth is either unconnected or has no load
INFO: [Synth 8-7129] Port X_IN[13] in module cordic_v6_0_25_synth is either unconnected or has no load
INFO: [Synth 8-7129] Port X_IN[12] in module cordic_v6_0_25_synth is either unconnected or has no load
INFO: [Synth 8-7129] Port X_IN[11] in module cordic_v6_0_25_synth is either unconnected or has no load
INFO: [Synth 8-7129] Port X_IN[10] in module cordic_v6_0_25_synth is either unconnected or has no load
INFO: [Synth 8-7129] Port X_IN[9] in module cordic_v6_0_25_synth is either unconnected or has no load
INFO: [Synth 8-7129] Port X_IN[8] in module cordic_v6_0_25_synth is either unconnected or has no load
INFO: [Synth 8-7129] Port X_IN[7] in module cordic_v6_0_25_synth is either unconnected or has no load
INFO: [Synth 8-7129] Port X_IN[6] in module cordic_v6_0_25_synth is either unconnected or has no load
INFO: [Synth 8-7129] Port X_IN[5] in module cordic_v6_0_25_synth is either unconnected or has no load
INFO: [Synth 8-7129] Port X_IN[4] in module cordic_v6_0_25_synth is either unconnected or has no load
INFO: [Synth 8-7129] Port X_IN[3] in module cordic_v6_0_25_synth is either unconnected or has no load
INFO: [Synth 8-7129] Port X_IN[2] in module cordic_v6_0_25_synth is either unconnected or has no load
INFO: [Synth 8-7129] Port X_IN[1] in module cordic_v6_0_25_synth is either unconnected or has no load
INFO: [Synth 8-7129] Port X_IN[0] in module cordic_v6_0_25_synth is either unconnected or has no load
INFO: [Synth 8-7129] Port Y_IN[47] in module cordic_v6_0_25_synth is either unconnected or has no load
INFO: [Synth 8-7129] Port Y_IN[46] in module cordic_v6_0_25_synth is either unconnected or has no load
INFO: [Synth 8-7129] Port Y_IN[45] in module cordic_v6_0_25_synth is either unconnected or has no load
INFO: [Synth 8-7129] Port Y_IN[44] in module cordic_v6_0_25_synth is either unconnected or has no load
INFO: [Synth 8-7129] Port Y_IN[43] in module cordic_v6_0_25_synth is either unconnected or has no load
INFO: [Synth 8-7129] Port Y_IN[42] in module cordic_v6_0_25_synth is either unconnected or has no load
INFO: [Synth 8-7129] Port Y_IN[41] in module cordic_v6_0_25_synth is either unconnected or has no load
INFO: [Synth 8-7129] Port Y_IN[40] in module cordic_v6_0_25_synth is either unconnected or has no load
INFO: [Common 17-14] Message 'Synth 8-7129' appears 100 times and further instances of the messages will be disabled. Use the Tcl command set_msg_config to change the current settings.
---------------------------------------------------------------------------------
Finished RTL Elaboration : Time (s): cpu = 00:00:13 ; elapsed = 00:00:13 . Memory (MB): peak = 1843.117 ; gain = 1035.473
---------------------------------------------------------------------------------
---------------------------------------------------------------------------------
Start Handling Custom Attributes
---------------------------------------------------------------------------------
---------------------------------------------------------------------------------
Finished Handling Custom Attributes : Time (s): cpu = 00:00:13 ; elapsed = 00:00:13 . Memory (MB): peak = 1843.117 ; gain = 1035.473
---------------------------------------------------------------------------------
---------------------------------------------------------------------------------
Finished RTL Optimization Phase 1 : Time (s): cpu = 00:00:13 ; elapsed = 00:00:13 . Memory (MB): peak = 1843.117 ; gain = 1035.473
---------------------------------------------------------------------------------
Netlist sorting complete. Time (s): cpu = 00:00:00 ; elapsed = 00:00:00.092 . Memory (MB): peak = 1843.117 ; gain = 0.000
INFO: [Netlist 29-17] Analyzing 2050 Unisim elements for replacement
INFO: [Netlist 29-28] Unisim Transformation completed in 0 CPU seconds
INFO: [Project 1-570] Preparing netlist for logic optimization

Processing XDC Constraints
Initializing timing engine
Parsing XDC File [c:/Users/Alex/Documents/GitHub/impedance-analyzer/Vivado Project/impedance_analyzer/impedance_analyzer.gen/sources_1/ip/DDS_Generator/DDS_Generator_ooc.xdc] for cell 'U0'
Finished Parsing XDC File [c:/Users/Alex/Documents/GitHub/impedance-analyzer/Vivado Project/impedance_analyzer/impedance_analyzer.gen/sources_1/ip/DDS_Generator/DDS_Generator_ooc.xdc] for cell 'U0'
Parsing XDC File [C:/Users/Alex/Documents/GitHub/impedance-analyzer/Vivado Project/impedance_analyzer/impedance_analyzer.runs/DDS_Generator_synth_1/dont_touch.xdc]
Finished Parsing XDC File [C:/Users/Alex/Documents/GitHub/impedance-analyzer/Vivado Project/impedance_analyzer/impedance_analyzer.runs/DDS_Generator_synth_1/dont_touch.xdc]
Completed Processing XDC Constraints

Netlist sorting complete. Time (s): cpu = 00:00:00 ; elapsed = 00:00:00.002 . Memory (MB): peak = 1843.117 ; gain = 0.000
INFO: [Project 1-111] Unisim Transformation Summary:
No Unisim elements were transformed.

Constraint Validation Runtime : Time (s): cpu = 00:00:00 ; elapsed = 00:00:00.060 . Memory (MB): peak = 1843.117 ; gain = 0.000
INFO: [Designutils 20-5008] Incremental synthesis strategy off
---------------------------------------------------------------------------------
Finished Constraint Validation : Time (s): cpu = 00:00:18 ; elapsed = 00:00:19 . Memory (MB): peak = 1843.117 ; gain = 1035.473
---------------------------------------------------------------------------------
---------------------------------------------------------------------------------
Start Loading Part and Timing Information
---------------------------------------------------------------------------------
Loading part: xc7z020clg484-2
---------------------------------------------------------------------------------
Finished Loading Part and Timing Information : Time (s): cpu = 00:00:18 ; elapsed = 00:00:19 . Memory (MB): peak = 1843.117 ; gain = 1035.473
---------------------------------------------------------------------------------
---------------------------------------------------------------------------------
Start Applying 'set_property' XDC Constraints
---------------------------------------------------------------------------------
---------------------------------------------------------------------------------
Finished applying 'set_property' XDC Constraints : Time (s): cpu = 00:00:18 ; elapsed = 00:00:19 . Memory (MB): peak = 1843.117 ; gain = 1035.473
---------------------------------------------------------------------------------
---------------------------------------------------------------------------------
Finished RTL Optimization Phase 2 : Time (s): cpu = 00:00:19 ; elapsed = 00:00:19 . Memory (MB): peak = 1843.117 ; gain = 1035.473
---------------------------------------------------------------------------------
---------------------------------------------------------------------------------
Start RTL Component Statistics 
---------------------------------------------------------------------------------
---------------------------------------------------------------------------------
Finished RTL Component Statistics 
---------------------------------------------------------------------------------
---------------------------------------------------------------------------------
Start Part Resource Summary
---------------------------------------------------------------------------------
Part Resources:
DSPs: 220 (col length:60)
BRAMs: 280 (col length: RAMB18 60 RAMB36 30)
---------------------------------------------------------------------------------
Finished Part Resource Summary
---------------------------------------------------------------------------------
---------------------------------------------------------------------------------
Start Cross Boundary and Area Optimization
---------------------------------------------------------------------------------
---------------------------------------------------------------------------------
Finished Cross Boundary and Area Optimization : Time (s): cpu = 00:00:20 ; elapsed = 00:00:21 . Memory (MB): peak = 1843.117 ; gain = 1035.473
---------------------------------------------------------------------------------
---------------------------------------------------------------------------------
Start Applying XDC Timing Constraints
---------------------------------------------------------------------------------
---------------------------------------------------------------------------------
Finished Applying XDC Timing Constraints : Time (s): cpu = 00:00:23 ; elapsed = 00:00:24 . Memory (MB): peak = 1843.117 ; gain = 1035.473
---------------------------------------------------------------------------------
---------------------------------------------------------------------------------
Start Timing Optimization
---------------------------------------------------------------------------------
---------------------------------------------------------------------------------
Finished Timing Optimization : Time (s): cpu = 00:00:23 ; elapsed = 00:00:24 . Memory (MB): peak = 1843.117 ; gain = 1035.473
---------------------------------------------------------------------------------
---------------------------------------------------------------------------------
Start Technology Mapping
---------------------------------------------------------------------------------
---------------------------------------------------------------------------------
Finished Technology Mapping : Time (s): cpu = 00:00:24 ; elapsed = 00:00:24 . Memory (MB): peak = 1843.117 ; gain = 1035.473
---------------------------------------------------------------------------------
---------------------------------------------------------------------------------
Start IO Insertion
---------------------------------------------------------------------------------
---------------------------------------------------------------------------------
Start Flattening Before IO Insertion
---------------------------------------------------------------------------------
---------------------------------------------------------------------------------
Finished Flattening Before IO Insertion
---------------------------------------------------------------------------------
---------------------------------------------------------------------------------
Start Final Netlist Cleanup
---------------------------------------------------------------------------------
---------------------------------------------------------------------------------
Finished Final Netlist Cleanup
---------------------------------------------------------------------------------
---------------------------------------------------------------------------------
Finished IO Insertion : Time (s): cpu = 00:00:26 ; elapsed = 00:00:27 . Memory (MB): peak = 1943.504 ; gain = 1135.859
---------------------------------------------------------------------------------
---------------------------------------------------------------------------------
Start Renaming Generated Instances
---------------------------------------------------------------------------------
---------------------------------------------------------------------------------
Finished Renaming Generated Instances : Time (s): cpu = 00:00:26 ; elapsed = 00:00:27 . Memory (MB): peak = 1943.504 ; gain = 1135.859
---------------------------------------------------------------------------------
---------------------------------------------------------------------------------
Start Rebuilding User Hierarchy
---------------------------------------------------------------------------------
---------------------------------------------------------------------------------
Finished Rebuilding User Hierarchy : Time (s): cpu = 00:00:26 ; elapsed = 00:00:27 . Memory (MB): peak = 1943.504 ; gain = 1135.859
---------------------------------------------------------------------------------
---------------------------------------------------------------------------------
Start Renaming Generated Ports
---------------------------------------------------------------------------------
---------------------------------------------------------------------------------
Finished Renaming Generated Ports : Time (s): cpu = 00:00:26 ; elapsed = 00:00:27 . Memory (MB): peak = 1943.504 ; gain = 1135.859
---------------------------------------------------------------------------------
---------------------------------------------------------------------------------
Start Handling Custom Attributes
---------------------------------------------------------------------------------
---------------------------------------------------------------------------------
Finished Handling Custom Attributes : Time (s): cpu = 00:00:26 ; elapsed = 00:00:27 . Memory (MB): peak = 1943.504 ; gain = 1135.859
---------------------------------------------------------------------------------
---------------------------------------------------------------------------------
Start Renaming Generated Nets
---------------------------------------------------------------------------------
---------------------------------------------------------------------------------
Finished Renaming Generated Nets : Time (s): cpu = 00:00:26 ; elapsed = 00:00:27 . Memory (MB): peak = 1943.504 ; gain = 1135.859
---------------------------------------------------------------------------------
---------------------------------------------------------------------------------
Start Writing Synthesis Report
---------------------------------------------------------------------------------

Report BlackBoxes: 
+-+--------------+----------+
| |BlackBox name |Instances |
+-+--------------+----------+
+-+--------------+----------+

Report Cell Usage: 
+------+--------+------+
|      |Cell    |Count |
+------+--------+------+
|1     |LUT1    |    87|
|2     |LUT2    |   387|
|3     |LUT3    |   562|
|4     |LUT5    |     1|
|5     |LUT6    |    19|
|6     |MUXCY   |   931|
|7     |SRL16E  |     5|
|8     |SRLC32E |     1|
|9     |XORCY   |   915|
|10    |FDRE    |  1023|
+------+--------+------+
---------------------------------------------------------------------------------
Finished Writing Synthesis Report : Time (s): cpu = 00:00:26 ; elapsed = 00:00:27 . Memory (MB): peak = 1943.504 ; gain = 1135.859
---------------------------------------------------------------------------------
Synthesis finished with 0 errors, 0 critical warnings and 0 warnings.
Synthesis Optimization Runtime : Time (s): cpu = 00:00:11 ; elapsed = 00:00:25 . Memory (MB): peak = 1943.504 ; gain = 1135.859
Synthesis Optimization Complete : Time (s): cpu = 00:00:26 ; elapsed = 00:00:27 . Memory (MB): peak = 1943.504 ; gain = 1135.859
INFO: [Project 1-571] Translating synthesized netlist
Netlist sorting complete. Time (s): cpu = 00:00:00 ; elapsed = 00:00:00.051 . Memory (MB): peak = 1943.504 ; gain = 0.000
INFO: [Netlist 29-17] Analyzing 1846 Unisim elements for replacement
INFO: [Netlist 29-28] Unisim Transformation completed in 0 CPU seconds
INFO: [Project 1-570] Preparing netlist for logic optimization
INFO: [Opt 31-138] Pushed 0 inverter(s) to 0 load pin(s).
Netlist sorting complete. Time (s): cpu = 00:00:00 ; elapsed = 00:00:00.001 . Memory (MB): peak = 1956.320 ; gain = 0.000
INFO: [Project 1-111] Unisim Transformation Summary:
  A total of 245 instances were transformed.
  (MUXCY,XORCY) => CARRY4: 245 instances

Synth Design complete | Checksum: 8a966c92
INFO: [Common 17-83] Releasing license: Synthesis
121 Infos, 0 Warnings, 0 Critical Warnings and 0 Errors encountered.
synth_design completed successfully
INFO: [Common 17-600] The following parameters have non-default value.
tcl.statsThreshold
Write ShapeDB Complete: Time (s): cpu = 00:00:00 ; elapsed = 00:00:00.005 . Memory (MB): peak = 1956.320 ; gain = 0.000
INFO: [Common 17-1381] The checkpoint 'C:/Users/Alex/Documents/GitHub/impedance-analyzer/Vivado Project/impedance_analyzer/impedance_analyzer.runs/DDS_Generator_synth_1/DDS_Generator.dcp' has been generated.
INFO: [Coretcl 2-1648] Added synthesis output to IP cache for IP DDS_Generator, cache-ID = 4d28c475b812f509
INFO: [Coretcl 2-1174] Renamed 355 cell refs.
Write ShapeDB Complete: Time (s): cpu = 00:00:00 ; elapsed = 00:00:00.004 . Memory (MB): peak = 1956.320 ; gain = 0.000
INFO: [Common 17-1381] The checkpoint 'C:/Users/Alex/Documents/GitHub/impedance-analyzer/Vivado Project/impedance_analyzer/impedance_analyzer.runs/DDS_Generator_synth_1/DDS_Generator.dcp' has been generated.
INFO: [Vivado 12-24828] Executing command : report_utilization -file DDS_Generator_utilization_synth.rpt -pb DDS_Generator_utilization_synth.pb
INFO: [Common 17-206] Exiting Vivado at Mon Feb 16 00:38:14 2026...
